============================= test session starts =============================
platform win32 -- Python 3.12.6, pytest-8.3.4, pluggy-1.5.0
rootdir: C:\Users\siddh\Desktop\Projects\File Converter
plugins: anyio-4.8.0, langsmith-0.5.0, docker-3.1.1
collected 0 items / 1 error

=================================== ERRORS ====================================
__________________ ERROR collecting tests/test_image_crop.py __________________
ImportError while importing test module 'C:\Users\siddh\Desktop\Projects\File Converter\tests\test_image_crop.py'.
Hint: make sure your test modules/packages have valid Python names.
Traceback:
C:\Python312\Lib\importlib\__init__.py:90: in import_module
    return _bootstrap._gcd_import(name[level:], package, level)
tests\test_image_crop.py:7: in <module>
    from image_utils import crop_image
E   ModuleNotFoundError: No module named 'image_utils'
=========================== short test summary info ===========================
ERROR tests/test_image_crop.py
!!!!!!!!!!!!!!!!!!! Interrupted: 1 error during collection !!!!!!!!!!!!!!!!!!!!
============================== 1 error in 0.21s ===============================
